// Jest Snapshot v1, https://goo.gl/fbAQLP

exports[`Title prints text in caption 1`] = `
<label
  className={undefined}
>
  <input
    checked={true}
    className={undefined}
    name="Radio name"
    onChange={[Function]}
    type="radio"
    value="A"
  />
  <span
    className={undefined}
  />
</label>
`;

exports[`Title prints text in caption 2`] = `
<label
  className={undefined}
>
  <input
    checked={true}
    className={undefined}
    name="Radio name"
    onChange={[Function]}
    type="radio"
    value="A"
  />
  <span
    className={undefined}
  />
</label>
`;
