// Jest Snapshot v1, https://goo.gl/fbAQLP

exports[`Radios outputs an array of radio inputs 1`] = `
Array [
  <td>
    <label
      className={undefined}
    >
      <input
        checked={true}
        className={undefined}
        name="RowId"
        onChange={[Function]}
        type="radio"
        value="A"
      />
      <span
        className={undefined}
      >
        Header 1
      </span>
    </label>
  </td>,
  <td>
    <label
      className={undefined}
    >
      <input
        checked={false}
        className={undefined}
        name="RowId"
        onChange={[Function]}
        type="radio"
        value="B"
      />
      <span
        className={undefined}
      >
        Header 2
      </span>
    </label>
  </td>,
  <td>
    <label
      className={undefined}
    >
      <input
        checked={false}
        className={undefined}
        name="RowId"
        onChange={[Function]}
        type="radio"
        value="C"
      />
      <span
        className={undefined}
      >
        Header 3
      </span>
    </label>
  </td>,
]
`;
